
admin@DESKTOP-HKNJB3T MINGW32 ~ (master)
$ git --version
git version 2.41.0.windows.1


admin@DESKTOP-HKNJB3T MINGW32 ~ (master)
$ git clone git@github.com:AlexDanish/proekttest.git new
Cloning into 'new'...
remote: Enumerating objects: 38, done.
remote: Counting objects: 100% (38/38), done.
remote: Compressing objects: 100% (34/34), done.
Receiving objects: 100% (38/38), 2.50 MiB | 271.00 KiB/s, done.

Resolving deltas: 100% (10/10), done.

admin@DESKTOP-HKNJB3T MINGW32 ~ (master)
$ cd new/

admin@DESKTOP-HKNJB3T MINGW32 ~/new (main)
$ git status
On branch main
Your branch is up to date with 'origin/main'.

nothing to commit, working tree clean

add txt - git clone (добавил файл)



admin@DESKTOP-HKNJB3T MINGW32 ~/new (main)
$ git status
On branch main
Your branch is up to date with 'origin/main'.

Untracked files:
  (use "git add <file>..." to include in what will be committed)
        git clone.txt

nothing added to commit but untracked files present (use "git add" to track)

admin@DESKTOP-HKNJB3T MINGW32 ~/new (main)
$ git add .

admin@DESKTOP-HKNJB3T MINGW32 ~/new (main)
$ git commit -m 'file add git clone'
[main e17ca66] file add git clone
 1 file changed, 0 insertions(+), 0 deletions(-)
 create mode 100644 git clone.txt

admin@DESKTOP-HKNJB3T MINGW32 ~/new (main)
$ git push origin main
Enumerating objects: 4, done.
Counting objects: 100% (4/4), done.
Delta compression using up to 2 threads
Compressing objects: 100% (2/2), done.
Writing objects: 100% (3/3), 285 bytes | 95.00 KiB/s, done.
Total 3 (delta 1), reused 0 (delta 0), pack-reused 0
remote: Resolving deltas: 100% (1/1), completed with 1 local object.
To github.com:AlexDanish/proekttest.git
   0075109..e17ca66  main -> main

admin@DESKTOP-HKNJB3T MINGW32 ~/new (main)
$

добавил текст в файл

